params: {}
output: |-
  Sequential(
    (0): Linear(in_features=4, out_features=8, bias=True)
    (1): ReLU()
    (2): Linear(in_features=8, out_features=8, bias=True)
    (3): ReLU()
    (4): Linear(in_features=8, out_features=3, bias=True)
  )
