img,cat,partition
../../../docs/images/torchapp-banner.png,banner,first
bloodhound.png,dog,second
bloodhound-sad.png,dog,first
vanjari-banner.jpg,banner,second