params: {}
output: '[torch.Size([32, 4]), torch.Size([32])]'
