params:
  batch_size: 4
output:
  type: LightningDataModule
