params: {}
output: |
  [1] R. A. Fisher. The use of multiple measurements in taxonomic problems. Annals of Eugenics, 7(7):179-188, 1936. doi:10.1111/j.1469-1809.1936.tb02137.x.
  [2] F. Pedregosa, G. Varoquaux, A. Gramfort, V. Michel, B. Thirion, O. Grisel, M. Blondel, P. Prettenhofer, R. Weiss, V. Dubourg, J. Vanderplas, A. Passos, D. Cournapeau, M. Brucher, M. Perrot, and E. Duchesnay. Scikit-learn: machine learning in Python. Journal of Machine Learning Research, 12:2825-2830, 2011.
  [3] Robert Turnbull. TorchApp: A wrapper for torch projects to create easy command-line interfaces and manage hyper-parameter tuning. TBD, 2025 (in prep).
