params:
- --version
output:
  exit_code: 1
  stdout: ""
