params:
- -v
output:
  exit_code: 0
  stdout: |
    0.2.3
