params: {}
output: |
  [1] Robert Turnbull. TorchApp: A wrapper for torch projects to create easy command-line interfaces and manage hyper-parameter tuning. TBD, 2025 (in prep).
